  Determining projects to restore...
  All projects are up-to-date for restore.
C:\Program Files\dotnet\sdk\10.0.106\Microsoft.Common.CurrentVersion.targets(5381,5): warning MSB3026: Could not copy "C:\Users\AHMAD\Downloads\Uni-Connect-master\Uni-Connect\obj\Debug\net8.0\apphost.exe" to "bin\Debug\net8.0\Uni-Connect.exe". Beginning retry 1 in 1000ms. The process cannot access the file 'C:\Users\AHMAD\Downloads\Uni-Connect-master\Uni-Connect\bin\Debug\net8.0\Uni-Connect.exe' because it is being used by another process. The file is locked by: "Uni-Connect (26272)" [C:\Users\AHMAD\Downloads\Uni-Connect-master\Uni-Connect\Uni-Connect.csproj]
C:\Program Files\dotnet\sdk\10.0.106\Microsoft.Common.CurrentVersion.targets(5381,5): warning MSB3026: Could not copy "C:\Users\AHMAD\Downloads\Uni-Connect-master\Uni-Connect\obj\Debug\net8.0\apphost.exe" to "bin\Debug\net8.0\Uni-Connect.exe". Beginning retry 2 in 1000ms. The process cannot access the file 'C:\Users\AHMAD\Downloads\Uni-Connect-master\Uni-Connect\bin\Debug\net8.0\Uni-Connect.exe' because it is being used by another process. The file is locked by: "Uni-Connect (26272)" [C:\Users\AHMAD\Downloads\Uni-Connect-master\Uni-Connect\Uni-Connect.csproj]
C:\Program Files\dotnet\sdk\10.0.106\Microsoft.Common.CurrentVersion.targets(5381,5): warning MSB3026: Could not copy "C:\Users\AHMAD\Downloads\Uni-Connect-master\Uni-Connect\obj\Debug\net8.0\apphost.exe" to "bin\Debug\net8.0\Uni-Connect.exe". Beginning retry 3 in 1000ms. The process cannot access the file 'C:\Users\AHMAD\Downloads\Uni-Connect-master\Uni-Connect\bin\Debug\net8.0\Uni-Connect.exe' because it is being used by another process. The file is locked by: "Uni-Connect (26272)" [C:\Users\AHMAD\Downloads\Uni-Connect-master\Uni-Connect\Uni-Connect.csproj]
C:\Program Files\dotnet\sdk\10.0.106\Microsoft.Common.CurrentVersion.targets(5381,5): warning MSB3026: Could not copy "C:\Users\AHMAD\Downloads\Uni-Connect-master\Uni-Connect\obj\Debug\net8.0\apphost.exe" to "bin\Debug\net8.0\Uni-Connect.exe". Beginning retry 4 in 1000ms. The process cannot access the file 'C:\Users\AHMAD\Downloads\Uni-Connect-master\Uni-Connect\bin\Debug\net8.0\Uni-Connect.exe' because it is being used by another process. The file is locked by: "Uni-Connect (26272)" [C:\Users\AHMAD\Downloads\Uni-Connect-master\Uni-Connect\Uni-Connect.csproj]
C:\Program Files\dotnet\sdk\10.0.106\Microsoft.Common.CurrentVersion.targets(5381,5): warning MSB3026: Could not copy "C:\Users\AHMAD\Downloads\Uni-Connect-master\Uni-Connect\obj\Debug\net8.0\apphost.exe" to "bin\Debug\net8.0\Uni-Connect.exe". Beginning retry 5 in 1000ms. The process cannot access the file 'C:\Users\AHMAD\Downloads\Uni-Connect-master\Uni-Connect\bin\Debug\net8.0\Uni-Connect.exe' because it is being used by another process. The file is locked by: "Uni-Connect (26272)" [C:\Users\AHMAD\Downloads\Uni-Connect-master\Uni-Connect\Uni-Connect.csproj]
C:\Program Files\dotnet\sdk\10.0.106\Microsoft.Common.CurrentVersion.targets(5381,5): warning MSB3026: Could not copy "C:\Users\AHMAD\Downloads\Uni-Connect-master\Uni-Connect\obj\Debug\net8.0\apphost.exe" to "bin\Debug\net8.0\Uni-Connect.exe". Beginning retry 6 in 1000ms. The process cannot access the file 'C:\Users\AHMAD\Downloads\Uni-Connect-master\Uni-Connect\bin\Debug\net8.0\Uni-Connect.exe' because it is being used by another process. The file is locked by: "Uni-Connect (26272)" [C:\Users\AHMAD\Downloads\Uni-Connect-master\Uni-Connect\Uni-Connect.csproj]
C:\Program Files\dotnet\sdk\10.0.106\Microsoft.Common.CurrentVersion.targets(5381,5): warning MSB3026: Could not copy "C:\Users\AHMAD\Downloads\Uni-Connect-master\Uni-Connect\obj\Debug\net8.0\apphost.exe" to "bin\Debug\net8.0\Uni-Connect.exe". Beginning retry 7 in 1000ms. The process cannot access the file 'C:\Users\AHMAD\Downloads\Uni-Connect-master\Uni-Connect\bin\Debug\net8.0\Uni-Connect.exe' because it is being used by another process. The file is locked by: "Uni-Connect (26272)" [C:\Users\AHMAD\Downloads\Uni-Connect-master\Uni-Connect\Uni-Connect.csproj]
C:\Program Files\dotnet\sdk\10.0.106\Microsoft.Common.CurrentVersion.targets(5381,5): warning MSB3026: Could not copy "C:\Users\AHMAD\Downloads\Uni-Connect-master\Uni-Connect\obj\Debug\net8.0\apphost.exe" to "bin\Debug\net8.0\Uni-Connect.exe". Beginning retry 8 in 1000ms. The process cannot access the file 'C:\Users\AHMAD\Downloads\Uni-Connect-master\Uni-Connect\bin\Debug\net8.0\Uni-Connect.exe' because it is being used by another process. The file is locked by: "Uni-Connect (26272)" [C:\Users\AHMAD\Downloads\Uni-Connect-master\Uni-Connect\Uni-Connect.csproj]
C:\Program Files\dotnet\sdk\10.0.106\Microsoft.Common.CurrentVersion.targets(5381,5): warning MSB3026: Could not copy "C:\Users\AHMAD\Downloads\Uni-Connect-master\Uni-Connect\obj\Debug\net8.0\apphost.exe" to "bin\Debug\net8.0\Uni-Connect.exe". Beginning retry 9 in 1000ms. The process cannot access the file 'C:\Users\AHMAD\Downloads\Uni-Connect-master\Uni-Connect\bin\Debug\net8.0\Uni-Connect.exe' because it is being used by another process. The file is locked by: "Uni-Connect (26272)" [C:\Users\AHMAD\Downloads\Uni-Connect-master\Uni-Connect\Uni-Connect.csproj]
C:\Program Files\dotnet\sdk\10.0.106\Microsoft.Common.CurrentVersion.targets(5381,5): warning MSB3026: Could not copy "C:\Users\AHMAD\Downloads\Uni-Connect-master\Uni-Connect\obj\Debug\net8.0\apphost.exe" to "bin\Debug\net8.0\Uni-Connect.exe". Beginning retry 10 in 1000ms. The process cannot access the file 'C:\Users\AHMAD\Downloads\Uni-Connect-master\Uni-Connect\bin\Debug\net8.0\Uni-Connect.exe' because it is being used by another process. The file is locked by: "Uni-Connect (26272)" [C:\Users\AHMAD\Downloads\Uni-Connect-master\Uni-Connect\Uni-Connect.csproj]
C:\Program Files\dotnet\sdk\10.0.106\Microsoft.Common.CurrentVersion.targets(5381,5): error MSB3027: Could not copy "C:\Users\AHMAD\Downloads\Uni-Connect-master\Uni-Connect\obj\Debug\net8.0\apphost.exe" to "bin\Debug\net8.0\Uni-Connect.exe". Exceeded retry count of 10. Failed. The file is locked by: "Uni-Connect (26272)" [C:\Users\AHMAD\Downloads\Uni-Connect-master\Uni-Connect\Uni-Connect.csproj]
C:\Program Files\dotnet\sdk\10.0.106\Microsoft.Common.CurrentVersion.targets(5381,5): error MSB3021: Unable to copy file "C:\Users\AHMAD\Downloads\Uni-Connect-master\Uni-Connect\obj\Debug\net8.0\apphost.exe" to "bin\Debug\net8.0\Uni-Connect.exe". The process cannot access the file 'C:\Users\AHMAD\Downloads\Uni-Connect-master\Uni-Connect\bin\Debug\net8.0\Uni-Connect.exe' because it is being used by another process. [C:\Users\AHMAD\Downloads\Uni-Connect-master\Uni-Connect\Uni-Connect.csproj]

Build FAILED.

C:\Program Files\dotnet\sdk\10.0.106\Microsoft.Common.CurrentVersion.targets(5381,5): warning MSB3026: Could not copy "C:\Users\AHMAD\Downloads\Uni-Connect-master\Uni-Connect\obj\Debug\net8.0\apphost.exe" to "bin\Debug\net8.0\Uni-Connect.exe". Beginning retry 1 in 1000ms. The process cannot access the file 'C:\Users\AHMAD\Downloads\Uni-Connect-master\Uni-Connect\bin\Debug\net8.0\Uni-Connect.exe' because it is being used by another process. The file is locked by: "Uni-Connect (26272)" [C:\Users\AHMAD\Downloads\Uni-Connect-master\Uni-Connect\Uni-Connect.csproj]
C:\Program Files\dotnet\sdk\10.0.106\Microsoft.Common.CurrentVersion.targets(5381,5): warning MSB3026: Could not copy "C:\Users\AHMAD\Downloads\Uni-Connect-master\Uni-Connect\obj\Debug\net8.0\apphost.exe" to "bin\Debug\net8.0\Uni-Connect.exe". Beginning retry 2 in 1000ms. The process cannot access the file 'C:\Users\AHMAD\Downloads\Uni-Connect-master\Uni-Connect\bin\Debug\net8.0\Uni-Connect.exe' because it is being used by another process. The file is locked by: "Uni-Connect (26272)" [C:\Users\AHMAD\Downloads\Uni-Connect-master\Uni-Connect\Uni-Connect.csproj]
C:\Program Files\dotnet\sdk\10.0.106\Microsoft.Common.CurrentVersion.targets(5381,5): warning MSB3026: Could not copy "C:\Users\AHMAD\Downloads\Uni-Connect-master\Uni-Connect\obj\Debug\net8.0\apphost.exe" to "bin\Debug\net8.0\Uni-Connect.exe". Beginning retry 3 in 1000ms. The process cannot access the file 'C:\Users\AHMAD\Downloads\Uni-Connect-master\Uni-Connect\bin\Debug\net8.0\Uni-Connect.exe' because it is being used by another process. The file is locked by: "Uni-Connect (26272)" [C:\Users\AHMAD\Downloads\Uni-Connect-master\Uni-Connect\Uni-Connect.csproj]
C:\Program Files\dotnet\sdk\10.0.106\Microsoft.Common.CurrentVersion.targets(5381,5): warning MSB3026: Could not copy "C:\Users\AHMAD\Downloads\Uni-Connect-master\Uni-Connect\obj\Debug\net8.0\apphost.exe" to "bin\Debug\net8.0\Uni-Connect.exe". Beginning retry 4 in 1000ms. The process cannot access the file 'C:\Users\AHMAD\Downloads\Uni-Connect-master\Uni-Connect\bin\Debug\net8.0\Uni-Connect.exe' because it is being used by another process. The file is locked by: "Uni-Connect (26272)" [C:\Users\AHMAD\Downloads\Uni-Connect-master\Uni-Connect\Uni-Connect.csproj]
C:\Program Files\dotnet\sdk\10.0.106\Microsoft.Common.CurrentVersion.targets(5381,5): warning MSB3026: Could not copy "C:\Users\AHMAD\Downloads\Uni-Connect-master\Uni-Connect\obj\Debug\net8.0\apphost.exe" to "bin\Debug\net8.0\Uni-Connect.exe". Beginning retry 5 in 1000ms. The process cannot access the file 'C:\Users\AHMAD\Downloads\Uni-Connect-master\Uni-Connect\bin\Debug\net8.0\Uni-Connect.exe' because it is being used by another process. The file is locked by: "Uni-Connect (26272)" [C:\Users\AHMAD\Downloads\Uni-Connect-master\Uni-Connect\Uni-Connect.csproj]
C:\Program Files\dotnet\sdk\10.0.106\Microsoft.Common.CurrentVersion.targets(5381,5): warning MSB3026: Could not copy "C:\Users\AHMAD\Downloads\Uni-Connect-master\Uni-Connect\obj\Debug\net8.0\apphost.exe" to "bin\Debug\net8.0\Uni-Connect.exe". Beginning retry 6 in 1000ms. The process cannot access the file 'C:\Users\AHMAD\Downloads\Uni-Connect-master\Uni-Connect\bin\Debug\net8.0\Uni-Connect.exe' because it is being used by another process. The file is locked by: "Uni-Connect (26272)" [C:\Users\AHMAD\Downloads\Uni-Connect-master\Uni-Connect\Uni-Connect.csproj]
C:\Program Files\dotnet\sdk\10.0.106\Microsoft.Common.CurrentVersion.targets(5381,5): warning MSB3026: Could not copy "C:\Users\AHMAD\Downloads\Uni-Connect-master\Uni-Connect\obj\Debug\net8.0\apphost.exe" to "bin\Debug\net8.0\Uni-Connect.exe". Beginning retry 7 in 1000ms. The process cannot access the file 'C:\Users\AHMAD\Downloads\Uni-Connect-master\Uni-Connect\bin\Debug\net8.0\Uni-Connect.exe' because it is being used by another process. The file is locked by: "Uni-Connect (26272)" [C:\Users\AHMAD\Downloads\Uni-Connect-master\Uni-Connect\Uni-Connect.csproj]
C:\Program Files\dotnet\sdk\10.0.106\Microsoft.Common.CurrentVersion.targets(5381,5): warning MSB3026: Could not copy "C:\Users\AHMAD\Downloads\Uni-Connect-master\Uni-Connect\obj\Debug\net8.0\apphost.exe" to "bin\Debug\net8.0\Uni-Connect.exe". Beginning retry 8 in 1000ms. The process cannot access the file 'C:\Users\AHMAD\Downloads\Uni-Connect-master\Uni-Connect\bin\Debug\net8.0\Uni-Connect.exe' because it is being used by another process. The file is locked by: "Uni-Connect (26272)" [C:\Users\AHMAD\Downloads\Uni-Connect-master\Uni-Connect\Uni-Connect.csproj]
C:\Program Files\dotnet\sdk\10.0.106\Microsoft.Common.CurrentVersion.targets(5381,5): warning MSB3026: Could not copy "C:\Users\AHMAD\Downloads\Uni-Connect-master\Uni-Connect\obj\Debug\net8.0\apphost.exe" to "bin\Debug\net8.0\Uni-Connect.exe". Beginning retry 9 in 1000ms. The process cannot access the file 'C:\Users\AHMAD\Downloads\Uni-Connect-master\Uni-Connect\bin\Debug\net8.0\Uni-Connect.exe' because it is being used by another process. The file is locked by: "Uni-Connect (26272)" [C:\Users\AHMAD\Downloads\Uni-Connect-master\Uni-Connect\Uni-Connect.csproj]
C:\Program Files\dotnet\sdk\10.0.106\Microsoft.Common.CurrentVersion.targets(5381,5): warning MSB3026: Could not copy "C:\Users\AHMAD\Downloads\Uni-Connect-master\Uni-Connect\obj\Debug\net8.0\apphost.exe" to "bin\Debug\net8.0\Uni-Connect.exe". Beginning retry 10 in 1000ms. The process cannot access the file 'C:\Users\AHMAD\Downloads\Uni-Connect-master\Uni-Connect\bin\Debug\net8.0\Uni-Connect.exe' because it is being used by another process. The file is locked by: "Uni-Connect (26272)" [C:\Users\AHMAD\Downloads\Uni-Connect-master\Uni-Connect\Uni-Connect.csproj]
C:\Program Files\dotnet\sdk\10.0.106\Microsoft.Common.CurrentVersion.targets(5381,5): error MSB3027: Could not copy "C:\Users\AHMAD\Downloads\Uni-Connect-master\Uni-Connect\obj\Debug\net8.0\apphost.exe" to "bin\Debug\net8.0\Uni-Connect.exe". Exceeded retry count of 10. Failed. The file is locked by: "Uni-Connect (26272)" [C:\Users\AHMAD\Downloads\Uni-Connect-master\Uni-Connect\Uni-Connect.csproj]
C:\Program Files\dotnet\sdk\10.0.106\Microsoft.Common.CurrentVersion.targets(5381,5): error MSB3021: Unable to copy file "C:\Users\AHMAD\Downloads\Uni-Connect-master\Uni-Connect\obj\Debug\net8.0\apphost.exe" to "bin\Debug\net8.0\Uni-Connect.exe". The process cannot access the file 'C:\Users\AHMAD\Downloads\Uni-Connect-master\Uni-Connect\bin\Debug\net8.0\Uni-Connect.exe' because it is being used by another process. [C:\Users\AHMAD\Downloads\Uni-Connect-master\Uni-Connect\Uni-Connect.csproj]
    10 Warning(s)
    2 Error(s)

Time Elapsed 00:01:28.70
